// Jest Snapshot v1, https://goo.gl/fbAQLP

exports[`HrStateWrapper basic doesn't error: doesn't error: testing many operations 1`] = `
Object {
  "byId": Object {
    "[[default]]": Object {
      "another-id": Object {
        "error": Object {
          "message": "test error",
        },
        "hasError": true,
        "loading": false,
        "loadingCompleteTime": 0,
        "loadingStartTime": 0,
        "etc": Object {},
        "value": "another-value",
      },
      "some-id": Object {
        "error": null,
        "hasError": false,
        "loading": false,
        "loadingCompleteTime": 1514862765212,
        "loadingStartTime": 0,
        "etc": Object {},
        "value": "some-value",
      },
    },
  },
  "isHrState": true,
  "kv": Object {},
  "lists": Object {
    "[[default]]": Object {
      "error": null,
      "hasError": false,
      "loading": false,
      "loadingCompleteTime": 1514862765212,
      "loadingStartTime": 0,
      "etc": Object {},
      "value": Array [
        "some-id",
        "another-id",
      ],
    },
  },
}
`;
